interactions:
- request:
    body: '{"tags": {"product": "azurecli", "cause": "automation", "date": "2019-02-26T21:57:36Z"},
      "location": "southcentralus"}'
    headers:
      Accept: [application/json]
      Accept-Encoding: ['gzip, deflate']
      CommandName: [group create]
      Connection: [keep-alive]
      Content-Length: ['118']
      Content-Type: [application/json; charset=utf-8]
      ParameterSetName: [--location --name --tag]
      User-Agent: [python/3.5.2 (Windows-10-10.0.17763-SP0) msrest/0.6.2 msrest_azure/0.4.34
          resourcemanagementclient/2.1.0 Azure-SDK-For-Python AZURECLI/2.0.58]
      accept-language: [en-US]
    method: PUT
    uri: https://management.azure.com/subscriptions/00000000-0000-0000-0000-000000000000/resourcegroups/clitest.rg000001?api-version=2018-05-01
  response:
    body: {string: '{"id":"/subscriptions/00000000-0000-0000-0000-000000000000/resourceGroups/clitest.rg000001","name":"clitest.rg000001","location":"southcentralus","tags":{"product":"azurecli","cause":"automation","date":"2019-02-26T21:57:36Z"},"properties":{"provisioningState":"Succeeded"}}'}
    headers:
      cache-control: [no-cache]
      content-length: ['392']
      content-type: [application/json; charset=utf-8]
      date: ['Tue, 26 Feb 2019 21:57:37 GMT']
      expires: ['-1']
      pragma: [no-cache]
      strict-transport-security: [max-age=31536000; includeSubDomains]
      x-content-type-options: [nosniff]
      x-ms-ratelimit-remaining-subscription-writes: ['1199']
    status: {code: 201, message: Created}
- request:
    body: null
    headers:
      Accept: [application/json]
      Accept-Encoding: ['gzip, deflate']
      CommandName: [storage account create]
      Connection: [keep-alive]
      ParameterSetName: [-n -g --sku --assign-identity]
      User-Agent: [python/3.5.2 (Windows-10-10.0.17763-SP0) msrest/0.6.2 msrest_azure/0.4.34
          resourcemanagementclient/2.1.0 Azure-SDK-For-Python AZURECLI/2.0.58]
      accept-language: [en-US]
    method: GET
    uri: https://management.azure.com/subscriptions/00000000-0000-0000-0000-000000000000/resourcegroups/clitest.rg000001?api-version=2018-05-01
  response:
    body: {string: '{"id":"/subscriptions/00000000-0000-0000-0000-000000000000/resourceGroups/clitest.rg000001","name":"clitest.rg000001","location":"southcentralus","tags":{"product":"azurecli","cause":"automation","date":"2019-02-26T21:57:36Z"},"properties":{"provisioningState":"Succeeded"}}'}
    headers:
      cache-control: [no-cache]
      content-length: ['392']
      content-type: [application/json; charset=utf-8]
      date: ['Tue, 26 Feb 2019 21:57:38 GMT']
      expires: ['-1']
      pragma: [no-cache]
      strict-transport-security: [max-age=31536000; includeSubDomains]
      vary: [Accept-Encoding]
      x-content-type-options: [nosniff]
    status: {code: 200, message: OK}
- request:
    body: '{"properties": {"supportsHttpsTrafficOnly": false}, "sku": {"name": "Standard_LRS"},
      "kind": "Storage", "identity": {"type": "SystemAssigned"}, "location": "southcentralus"}'
    headers:
      Accept: [application/json]
      Accept-Encoding: ['gzip, deflate']
      CommandName: [storage account create]
      Connection: [keep-alive]
      Content-Length: ['173']
      Content-Type: [application/json; charset=utf-8]
      ParameterSetName: [-n -g --sku --assign-identity]
      User-Agent: [python/3.5.2 (Windows-10-10.0.17763-SP0) msrest/0.6.2 msrest_azure/0.4.34
          azure-mgmt-storage/3.1.1 Azure-SDK-For-Python AZURECLI/2.0.58]
      accept-language: [en-US]
    method: PUT
    uri: https://management.azure.com/subscriptions/00000000-0000-0000-0000-000000000000/resourceGroups/clitest.rg000001/providers/Microsoft.Storage/storageAccounts/cli000002?api-version=2017-10-01
  response:
    body: {string: ''}
    headers:
      cache-control: [no-cache]
      content-length: ['0']
      content-type: [text/plain; charset=utf-8]
      date: ['Tue, 26 Feb 2019 21:57:42 GMT']
      expires: ['-1']
      location: ['https://management.azure.com/subscriptions/00000000-0000-0000-0000-000000000000/providers/Microsoft.Storage/locations/southcentralus/asyncoperations/4da866ca-92cc-4039-94f5-51be467d3349?monitor=true&api-version=2017-10-01']
      pragma: [no-cache]
      server: ['Microsoft-Azure-Storage-Resource-Provider/1.0,Microsoft-HTTPAPI/2.0
          Microsoft-HTTPAPI/2.0']
      strict-transport-security: [max-age=31536000; includeSubDomains]
      x-content-type-options: [nosniff]
      x-ms-ratelimit-remaining-subscription-writes: ['1199']
    status: {code: 202, message: Accepted}
- request:
    body: null
    headers:
      Accept: [application/json]
      Accept-Encoding: ['gzip, deflate']
      CommandName: [storage account create]
      Connection: [keep-alive]
      ParameterSetName: [-n -g --sku --assign-identity]
      User-Agent: [python/3.5.2 (Windows-10-10.0.17763-SP0) msrest/0.6.2 msrest_azure/0.4.34
          azure-mgmt-storage/3.1.1 Azure-SDK-For-Python AZURECLI/2.0.58]
    method: GET
    uri: https://management.azure.com/subscriptions/00000000-0000-0000-0000-000000000000/providers/Microsoft.Storage/locations/southcentralus/asyncoperations/4da866ca-92cc-4039-94f5-51be467d3349?monitor=true&api-version=2017-10-01
  response:
    body: {string: '{"identity":{"principalId":"003949a6-37a5-4c90-a8a2-40596bb51ac2","tenantId":"72f988bf-86f1-41af-91ab-2d7cd011db47","type":"SystemAssigned"},"sku":{"name":"Standard_LRS","tier":"Standard"},"kind":"Storage","id":"/subscriptions/00000000-0000-0000-0000-000000000000/resourceGroups/clitest.rg000001/providers/Microsoft.Storage/storageAccounts/cli000002","name":"cli000002","type":"Microsoft.Storage/storageAccounts","location":"southcentralus","tags":{},"properties":{"networkAcls":{"bypass":"AzureServices","virtualNetworkRules":[],"ipRules":[],"defaultAction":"Allow"},"supportsHttpsTrafficOnly":false,"encryption":{"services":{"file":{"enabled":true,"lastEnabledTime":"2019-02-26T21:57:41.7301412Z"},"blob":{"enabled":true,"lastEnabledTime":"2019-02-26T21:57:41.7301412Z"}},"keySource":"Microsoft.Storage"},"provisioningState":"Succeeded","creationTime":"2019-02-26T21:57:41.6518727Z","primaryEndpoints":{"blob":"https://cli000002.blob.core.windows.net/","queue":"https://cli000002.queue.core.windows.net/","table":"https://cli000002.table.core.windows.net/","file":"https://cli000002.file.core.windows.net/"},"primaryLocation":"southcentralus","statusOfPrimary":"available"}}'}
    headers:
      cache-control: [no-cache]
      content-length: ['1325']
      content-type: [application/json]
      date: ['Tue, 26 Feb 2019 21:57:59 GMT']
      expires: ['-1']
      pragma: [no-cache]
      server: ['Microsoft-Azure-Storage-Resource-Provider/1.0,Microsoft-HTTPAPI/2.0
          Microsoft-HTTPAPI/2.0']
      strict-transport-security: [max-age=31536000; includeSubDomains]
      transfer-encoding: [chunked]
      vary: [Accept-Encoding]
      x-content-type-options: [nosniff]
    status: {code: 200, message: OK}
- request:
    body: null
    headers:
      Accept: [application/json]
      Accept-Encoding: ['gzip, deflate']
      CommandName: [group delete]
      Connection: [keep-alive]
      Content-Length: ['0']
      ParameterSetName: [--name --yes --no-wait]
      User-Agent: [python/3.5.2 (Windows-10-10.0.17763-SP0) msrest/0.6.2 msrest_azure/0.4.34
          resourcemanagementclient/2.1.0 Azure-SDK-For-Python AZURECLI/2.0.58]
      accept-language: [en-US]
    method: DELETE
    uri: https://management.azure.com/subscriptions/00000000-0000-0000-0000-000000000000/resourcegroups/clitest.rg000001?api-version=2018-05-01
  response:
    body: {string: ''}
    headers:
      cache-control: [no-cache]
      content-length: ['0']
      date: ['Tue, 26 Feb 2019 21:58:01 GMT']
      expires: ['-1']
      location: ['https://management.azure.com/subscriptions/00000000-0000-0000-0000-000000000000/operationresults/eyJqb2JJZCI6IlJFU09VUkNFR1JPVVBERUxFVElPTkpPQi1DTElURVNUOjJFUkdKU1haSk5ETVFQNlFEUjVHUktaSEo0NFBFSVY0NldPVTVSV3xEMzVEM0EwQzJENjQzMDMzLVNPVVRIQ0VOVFJBTFVTIiwiam9iTG9jYXRpb24iOiJzb3V0aGNlbnRyYWx1cyJ9?api-version=2018-05-01']
      pragma: [no-cache]
      strict-transport-security: [max-age=31536000; includeSubDomains]
      x-content-type-options: [nosniff]
      x-ms-ratelimit-remaining-subscription-deletes: ['14998']
    status: {code: 202, message: Accepted}
version: 1
