interactions:
- request:
    body: '{"tags": {"date": "2019-02-26T03:25:33Z", "product": "azurecli", "cause":
      "automation"}, "location": "westus"}'
    headers:
      Accept: [application/json]
      Accept-Encoding: ['gzip, deflate']
      CommandName: [group create]
      Connection: [keep-alive]
      Content-Length: ['110']
      Content-Type: [application/json; charset=utf-8]
      ParameterSetName: [--location --name --tag]
      User-Agent: [python/3.5.2 (Windows-10-10.0.17763-SP0) msrest/0.6.2 msrest_azure/0.4.34
          resourcemanagementclient/2.1.0 Azure-SDK-For-Python AZURECLI/2.0.58]
      accept-language: [en-US]
    method: PUT
    uri: https://management.azure.com/subscriptions/00000000-0000-0000-0000-000000000000/resourcegroups/cli_test_vm_create_existing000001?api-version=2018-05-01
  response:
    body: {string: '{"id":"/subscriptions/00000000-0000-0000-0000-000000000000/resourceGroups/cli_test_vm_create_existing000001","name":"cli_test_vm_create_existing000001","location":"westus","tags":{"date":"2019-02-26T03:25:33Z","product":"azurecli","cause":"automation"},"properties":{"provisioningState":"Succeeded"}}'}
    headers:
      cache-control: [no-cache]
      content-length: ['384']
      content-type: [application/json; charset=utf-8]
      date: ['Tue, 26 Feb 2019 03:25:34 GMT']
      expires: ['-1']
      pragma: [no-cache]
      strict-transport-security: [max-age=31536000; includeSubDomains]
      x-content-type-options: [nosniff]
      x-ms-ratelimit-remaining-subscription-writes: ['1196']
    status: {code: 201, message: Created}
- request:
    body: '{"sku": {"name": "Standard_LRS"}, "properties": {"supportsHttpsTrafficOnly":
      false}, "location": "westus", "kind": "Storage"}'
    headers:
      Accept: [application/json]
      Accept-Encoding: ['gzip, deflate']
      CommandName: [storage account create]
      Connection: [keep-alive]
      Content-Length: ['125']
      Content-Type: [application/json; charset=utf-8]
      ParameterSetName: [-n -g -l --sku]
      User-Agent: [python/3.5.2 (Windows-10-10.0.17763-SP0) msrest/0.6.2 msrest_azure/0.4.34
          azure-mgmt-storage/3.1.1 Azure-SDK-For-Python AZURECLI/2.0.58]
      accept-language: [en-US]
    method: PUT
    uri: https://management.azure.com/subscriptions/00000000-0000-0000-0000-000000000000/resourceGroups/cli_test_vm_create_existing000001/providers/Microsoft.Storage/storageAccounts/clitest000002?api-version=2017-10-01
  response:
    body: {string: ''}
    headers:
      cache-control: [no-cache]
      content-length: ['0']
      content-type: [text/plain; charset=utf-8]
      date: ['Tue, 26 Feb 2019 03:25:35 GMT']
      expires: ['-1']
      location: ['https://management.azure.com/subscriptions/00000000-0000-0000-0000-000000000000/providers/Microsoft.Storage/locations/westus/asyncoperations/a3064427-7171-4936-a3c7-1c7726092eae?monitor=true&api-version=2017-10-01']
      pragma: [no-cache]
      server: ['Microsoft-Azure-Storage-Resource-Provider/1.0,Microsoft-HTTPAPI/2.0
          Microsoft-HTTPAPI/2.0']
      strict-transport-security: [max-age=31536000; includeSubDomains]
      x-content-type-options: [nosniff]
      x-ms-ratelimit-remaining-subscription-writes: ['1199']
    status: {code: 202, message: Accepted}
- request:
    body: null
    headers:
      Accept: [application/json]
      Accept-Encoding: ['gzip, deflate']
      CommandName: [storage account create]
      Connection: [keep-alive]
      ParameterSetName: [-n -g -l --sku]
      User-Agent: [python/3.5.2 (Windows-10-10.0.17763-SP0) msrest/0.6.2 msrest_azure/0.4.34
          azure-mgmt-storage/3.1.1 Azure-SDK-For-Python AZURECLI/2.0.58]
    method: GET
    uri: https://management.azure.com/subscriptions/00000000-0000-0000-0000-000000000000/providers/Microsoft.Storage/locations/westus/asyncoperations/a3064427-7171-4936-a3c7-1c7726092eae?monitor=true&api-version=2017-10-01
  response:
    body: {string: '{"sku":{"name":"Standard_LRS","tier":"Standard"},"kind":"Storage","id":"/subscriptions/00000000-0000-0000-0000-000000000000/resourceGroups/cli_test_vm_create_existing000001/providers/Microsoft.Storage/storageAccounts/clitest000002","name":"clitest000002","type":"Microsoft.Storage/storageAccounts","location":"westus","tags":{},"properties":{"networkAcls":{"bypass":"AzureServices","virtualNetworkRules":[],"ipRules":[],"defaultAction":"Allow"},"supportsHttpsTrafficOnly":false,"encryption":{"services":{"file":{"enabled":true,"lastEnabledTime":"2019-02-26T03:25:35.5106450Z"},"blob":{"enabled":true,"lastEnabledTime":"2019-02-26T03:25:35.5106450Z"}},"keySource":"Microsoft.Storage"},"provisioningState":"Succeeded","creationTime":"2019-02-26T03:25:35.4168929Z","primaryEndpoints":{"blob":"https://clitest000002.blob.core.windows.net/","queue":"https://clitest000002.queue.core.windows.net/","table":"https://clitest000002.table.core.windows.net/","file":"https://clitest000002.file.core.windows.net/"},"primaryLocation":"westus","statusOfPrimary":"available"}}'}
    headers:
      cache-control: [no-cache]
      content-length: ['1169']
      content-type: [application/json]
      date: ['Tue, 26 Feb 2019 03:25:53 GMT']
      expires: ['-1']
      pragma: [no-cache]
      server: ['Microsoft-Azure-Storage-Resource-Provider/1.0,Microsoft-HTTPAPI/2.0
          Microsoft-HTTPAPI/2.0']
      strict-transport-security: [max-age=31536000; includeSubDomains]
      transfer-encoding: [chunked]
      vary: [Accept-Encoding]
      x-content-type-options: [nosniff]
    status: {code: 200, message: OK}
- request:
    body: null
    headers:
      Accept: [application/json]
      Accept-Encoding: ['gzip, deflate']
      CommandName: [storage account keys list]
      Connection: [keep-alive]
      Content-Length: ['0']
      ParameterSetName: [-n -g --query -o]
      User-Agent: [python/3.5.2 (Windows-10-10.0.17763-SP0) msrest/0.6.2 msrest_azure/0.4.34
          azure-mgmt-storage/3.1.1 Azure-SDK-For-Python AZURECLI/2.0.58]
      accept-language: [en-US]
    method: POST
    uri: https://management.azure.com/subscriptions/00000000-0000-0000-0000-000000000000/resourceGroups/cli_test_vm_create_existing000001/providers/Microsoft.Storage/storageAccounts/clitest000002/listKeys?api-version=2017-10-01
  response:
    body: {string: '{"keys":[{"keyName":"key1","value":"veryFakedStorageAccountKey==","permissions":"FULL"},{"keyName":"key2","value":"veryFakedStorageAccountKey==","permissions":"FULL"}]}'}
    headers:
      cache-control: [no-cache]
      content-length: ['288']
      content-type: [application/json]
      date: ['Tue, 26 Feb 2019 03:25:54 GMT']
      expires: ['-1']
      pragma: [no-cache]
      server: ['Microsoft-Azure-Storage-Resource-Provider/1.0,Microsoft-HTTPAPI/2.0
          Microsoft-HTTPAPI/2.0']
      strict-transport-security: [max-age=31536000; includeSubDomains]
      transfer-encoding: [chunked]
      vary: [Accept-Encoding]
      x-content-type-options: [nosniff]
      x-ms-ratelimit-remaining-subscription-writes: ['1197']
    status: {code: 200, message: OK}
- request:
    body: null
    headers:
      Accept: [application/json]
      Accept-Encoding: ['gzip, deflate']
      CommandName: [vm availability-set create]
      Connection: [keep-alive]
      ParameterSetName: [--name -g --unmanaged --platform-fault-domain-count --platform-update-domain-count]
      User-Agent: [python/3.5.2 (Windows-10-10.0.17763-SP0) msrest/0.6.2 msrest_azure/0.4.34
          resourcemanagementclient/2.1.0 Azure-SDK-For-Python AZURECLI/2.0.58]
      accept-language: [en-US]
    method: GET
    uri: https://management.azure.com/subscriptions/00000000-0000-0000-0000-000000000000/resourcegroups/cli_test_vm_create_existing000001?api-version=2018-05-01
  response:
    body: {string: '{"id":"/subscriptions/00000000-0000-0000-0000-000000000000/resourceGroups/cli_test_vm_create_existing000001","name":"cli_test_vm_create_existing000001","location":"westus","tags":{"date":"2019-02-26T03:25:33Z","product":"azurecli","cause":"automation"},"properties":{"provisioningState":"Succeeded"}}'}
    headers:
      cache-control: [no-cache]
      content-length: ['384']
      content-type: [application/json; charset=utf-8]
      date: ['Tue, 26 Feb 2019 03:25:54 GMT']
      expires: ['-1']
      pragma: [no-cache]
      strict-transport-security: [max-age=31536000; includeSubDomains]
      vary: [Accept-Encoding]
      x-content-type-options: [nosniff]
    status: {code: 200, message: OK}
- request:
    body: '{"properties": {"parameters": {}, "mode": "Incremental", "template": {"variables":
      {}, "$schema": "https://schema.management.azure.com/schemas/2015-01-01/deploymentTemplate.json#",
      "resources": [{"sku": {"name": "Classic"}, "tags": {}, "apiVersion": "2017-12-01",
      "location": "westus", "name": "vrfavailset", "properties": {"platformUpdateDomainCount":
      3, "platformFaultDomainCount": 3}, "type": "Microsoft.Compute/availabilitySets"}],
      "outputs": {}, "contentVersion": "1.0.0.0", "parameters": {}}}}'
    headers:
      Accept: [application/json]
      Accept-Encoding: ['gzip, deflate']
      CommandName: [vm availability-set create]
      Connection: [keep-alive]
      Content-Length: ['499']
      Content-Type: [application/json; charset=utf-8]
      ParameterSetName: [--name -g --unmanaged --platform-fault-domain-count --platform-update-domain-count]
      User-Agent: [python/3.5.2 (Windows-10-10.0.17763-SP0) msrest/0.6.2 msrest_azure/0.4.34
          resourcemanagementclient/2.1.0 Azure-SDK-For-Python AZURECLI/2.0.58]
      accept-language: [en-US]
    method: PUT
    uri: https://management.azure.com/subscriptions/00000000-0000-0000-0000-000000000000/resourcegroups/cli_test_vm_create_existing000001/providers/Microsoft.Resources/deployments/mock-deployment?api-version=2018-05-01
  response:
    body: {string: '{"id":"/subscriptions/00000000-0000-0000-0000-000000000000/resourceGroups/cli_test_vm_create_existing000001/providers/Microsoft.Resources/deployments/av_set_deploy_6qHrpxPGUaxwho71HJzLOPM7r5CWYXvV","name":"av_set_deploy_6qHrpxPGUaxwho71HJzLOPM7r5CWYXvV","properties":{"templateHash":"670992279328954456","parameters":{},"mode":"Incremental","provisioningState":"Accepted","timestamp":"2019-02-26T03:25:57.453931Z","duration":"PT0.7881388S","correlationId":"e26f49cb-5f6d-4153-9368-86efd38f3992","providers":[{"namespace":"Microsoft.Compute","resourceTypes":[{"resourceType":"availabilitySets","locations":["westus"]}]}],"dependencies":[]}}'}
    headers:
      azure-asyncoperation: ['https://management.azure.com/subscriptions/00000000-0000-0000-0000-000000000000/resourcegroups/cli_test_vm_create_existing000001/providers/Microsoft.Resources/deployments/av_set_deploy_6qHrpxPGUaxwho71HJzLOPM7r5CWYXvV/operationStatuses/08586504553288118144?api-version=2018-05-01']
      cache-control: [no-cache]
      content-length: ['681']
      content-type: [application/json; charset=utf-8]
      date: ['Tue, 26 Feb 2019 03:25:57 GMT']
      expires: ['-1']
      pragma: [no-cache]
      strict-transport-security: [max-age=31536000; includeSubDomains]
      x-content-type-options: [nosniff]
      x-ms-ratelimit-remaining-subscription-writes: ['1198']
    status: {code: 201, message: Created}
- request:
    body: null
    headers:
      Accept: [application/json]
      Accept-Encoding: ['gzip, deflate']
      CommandName: [vm availability-set create]
      Connection: [keep-alive]
      ParameterSetName: [--name -g --unmanaged --platform-fault-domain-count --platform-update-domain-count]
      User-Agent: [python/3.5.2 (Windows-10-10.0.17763-SP0) msrest/0.6.2 msrest_azure/0.4.34
          resourcemanagementclient/2.1.0 Azure-SDK-For-Python AZURECLI/2.0.58]
    method: GET
    uri: https://management.azure.com/subscriptions/00000000-0000-0000-0000-000000000000/resourcegroups/cli_test_vm_create_existing000001/providers/Microsoft.Resources/deployments/mock-deployment/operationStatuses/08586504553288118144?api-version=2018-05-01
  response:
    body: {string: '{"status":"Succeeded"}'}
    headers:
      cache-control: [no-cache]
      content-length: ['22']
      content-type: [application/json; charset=utf-8]
      date: ['Tue, 26 Feb 2019 03:26:27 GMT']
      expires: ['-1']
      pragma: [no-cache]
      strict-transport-security: [max-age=31536000; includeSubDomains]
      vary: [Accept-Encoding]
      x-content-type-options: [nosniff]
    status: {code: 200, message: OK}
- request:
    body: null
    headers:
      Accept: [application/json]
      Accept-Encoding: ['gzip, deflate']
      CommandName: [vm availability-set create]
      Connection: [keep-alive]
      ParameterSetName: [--name -g --unmanaged --platform-fault-domain-count --platform-update-domain-count]
      User-Agent: [python/3.5.2 (Windows-10-10.0.17763-SP0) msrest/0.6.2 msrest_azure/0.4.34
          resourcemanagementclient/2.1.0 Azure-SDK-For-Python AZURECLI/2.0.58]
    method: GET
    uri: https://management.azure.com/subscriptions/00000000-0000-0000-0000-000000000000/resourcegroups/cli_test_vm_create_existing000001/providers/Microsoft.Resources/deployments/mock-deployment?api-version=2018-05-01
  response:
    body: {string: '{"id":"/subscriptions/00000000-0000-0000-0000-000000000000/resourceGroups/cli_test_vm_create_existing000001/providers/Microsoft.Resources/deployments/av_set_deploy_6qHrpxPGUaxwho71HJzLOPM7r5CWYXvV","name":"av_set_deploy_6qHrpxPGUaxwho71HJzLOPM7r5CWYXvV","properties":{"templateHash":"670992279328954456","parameters":{},"mode":"Incremental","provisioningState":"Succeeded","timestamp":"2019-02-26T03:26:08.31363Z","duration":"PT11.6478378S","correlationId":"e26f49cb-5f6d-4153-9368-86efd38f3992","providers":[{"namespace":"Microsoft.Compute","resourceTypes":[{"resourceType":"availabilitySets","locations":["westus"]}]}],"dependencies":[],"outputs":{},"outputResources":[{"id":"/subscriptions/00000000-0000-0000-0000-000000000000/resourceGroups/cli_test_vm_create_existing000001/providers/Microsoft.Compute/availabilitySets/vrfavailset"}]}}'}
    headers:
      cache-control: [no-cache]
      content-length: ['924']
      content-type: [application/json; charset=utf-8]
      date: ['Tue, 26 Feb 2019 03:26:27 GMT']
      expires: ['-1']
      pragma: [no-cache]
      strict-transport-security: [max-age=31536000; includeSubDomains]
      vary: [Accept-Encoding]
      x-content-type-options: [nosniff]
    status: {code: 200, message: OK}
- request:
    body: null
    headers:
      Accept: [application/json]
      Accept-Encoding: ['gzip, deflate']
      CommandName: [vm availability-set create]
      Connection: [keep-alive]
      ParameterSetName: [--name -g --unmanaged --platform-fault-domain-count --platform-update-domain-count]
      User-Agent: [python/3.5.2 (Windows-10-10.0.17763-SP0) msrest/0.6.2 msrest_azure/0.4.34
          computemanagementclient/4.4.0 Azure-SDK-For-Python AZURECLI/2.0.58]
      accept-language: [en-US]
    method: GET
    uri: https://management.azure.com/subscriptions/00000000-0000-0000-0000-000000000000/resourceGroups/cli_test_vm_create_existing000001/providers/Microsoft.Compute/availabilitySets/vrfavailset?api-version=2017-12-01
  response:
    body: {string: "{\r\n  \"properties\": {\r\n    \"platformUpdateDomainCount\"\
        : 3,\r\n    \"platformFaultDomainCount\": 3,\r\n    \"virtualMachines\": []\r\
        \n  },\r\n  \"type\": \"Microsoft.Compute/availabilitySets\",\r\n  \"location\"\
        : \"westus\",\r\n  \"tags\": {},\r\n  \"id\": \"/subscriptions/00000000-0000-0000-0000-000000000000/resourceGroups/cli_test_vm_create_existing000001/providers/Microsoft.Compute/availabilitySets/vrfavailset\"\
        ,\r\n  \"name\": \"vrfavailset\",\r\n  \"sku\": {\r\n    \"name\": \"Classic\"\
        \r\n  }\r\n}"}
    headers:
      cache-control: [no-cache]
      content-length: ['496']
      content-type: [application/json; charset=utf-8]
      date: ['Tue, 26 Feb 2019 03:26:28 GMT']
      expires: ['-1']
      pragma: [no-cache]
      server: [Microsoft-HTTPAPI/2.0, Microsoft-HTTPAPI/2.0]
      strict-transport-security: [max-age=31536000; includeSubDomains]
      transfer-encoding: [chunked]
      vary: [Accept-Encoding]
      x-content-type-options: [nosniff]
      x-ms-ratelimit-remaining-resource: ['Microsoft.Compute/LowCostGet3Min;3995,Microsoft.Compute/LowCostGet30Min;31923']
    status: {code: 200, message: OK}
- request:
    body: null
    headers:
      Accept: [application/json]
      Accept-Encoding: ['gzip, deflate']
      CommandName: [network public-ip create]
      Connection: [keep-alive]
      ParameterSetName: [--name -g]
      User-Agent: [python/3.5.2 (Windows-10-10.0.17763-SP0) msrest/0.6.2 msrest_azure/0.4.34
          resourcemanagementclient/2.1.0 Azure-SDK-For-Python AZURECLI/2.0.58]
      accept-language: [en-US]
    method: GET
    uri: https://management.azure.com/subscriptions/00000000-0000-0000-0000-000000000000/resourcegroups/cli_test_vm_create_existing000001?api-version=2018-05-01
  response:
    body: {string: '{"id":"/subscriptions/00000000-0000-0000-0000-000000000000/resourceGroups/cli_test_vm_create_existing000001","name":"cli_test_vm_create_existing000001","location":"westus","tags":{"date":"2019-02-26T03:25:33Z","product":"azurecli","cause":"automation"},"properties":{"provisioningState":"Succeeded"}}'}
    headers:
      cache-control: [no-cache]
      content-length: ['384']
      content-type: [application/json; charset=utf-8]
      date: ['Tue, 26 Feb 2019 03:26:29 GMT']
      expires: ['-1']
      pragma: [no-cache]
      strict-transport-security: [max-age=31536000; includeSubDomains]
      vary: [Accept-Encoding]
      x-content-type-options: [nosniff]
    status: {code: 200, message: OK}
- request:
    body: '{"sku": {"name": "Basic"}, "properties": {"idleTimeoutInMinutes": 4, "publicIPAllocationMethod":
      "Dynamic", "publicIPAddressVersion": "IPv4"}, "location": "westus"}'
    headers:
      Accept: [application/json]
      Accept-Encoding: ['gzip, deflate']
      CommandName: [network public-ip create]
      Connection: [keep-alive]
      Content-Length: ['164']
      Content-Type: [application/json; charset=utf-8]
      ParameterSetName: [--name -g]
      User-Agent: [python/3.5.2 (Windows-10-10.0.17763-SP0) msrest/0.6.2 msrest_azure/0.4.34
          networkmanagementclient/2.4.0 Azure-SDK-For-Python AZURECLI/2.0.58]
      accept-language: [en-US]
    method: PUT
    uri: https://management.azure.com/subscriptions/00000000-0000-0000-0000-000000000000/resourceGroups/cli_test_vm_create_existing000001/providers/Microsoft.Network/publicIPAddresses/vrfpubip?api-version=2017-10-01
  response:
    body: {string: "{\r\n  \"name\": \"vrfpubip\",\r\n  \"id\": \"/subscriptions/00000000-0000-0000-0000-000000000000/resourceGroups/cli_test_vm_create_existing000001/providers/Microsoft.Network/publicIPAddresses/vrfpubip\"\
        ,\r\n  \"etag\": \"W/\\\"4ce663c0-f030-4c53-85ca-7bc00ebc9fd9\\\"\",\r\n \
        \ \"location\": \"westus\",\r\n  \"properties\": {\r\n    \"provisioningState\"\
        : \"Updating\",\r\n    \"resourceGuid\": \"e49aa414-afc4-4f01-abfd-c20f82423572\"\
        ,\r\n    \"publicIPAddressVersion\": \"IPv4\",\r\n    \"publicIPAllocationMethod\"\
        : \"Dynamic\",\r\n    \"idleTimeoutInMinutes\": 4,\r\n    \"ipTags\": []\r\
        \n  },\r\n  \"type\": \"Microsoft.Network/publicIPAddresses\",\r\n  \"sku\"\
        : {\r\n    \"name\": \"Basic\",\r\n    \"tier\": \"Regional\"\r\n  }\r\n}"}
    headers:
      azure-asyncoperation: ['https://management.azure.com/subscriptions/00000000-0000-0000-0000-000000000000/providers/Microsoft.Network/locations/westus/operations/6d0eb19b-c851-4259-a95d-0a1eb06efb7e?api-version=2017-10-01']
      cache-control: [no-cache]
      content-length: ['689']
      content-type: [application/json; charset=utf-8]
      date: ['Tue, 26 Feb 2019 03:26:30 GMT']
      expires: ['-1']
      pragma: [no-cache]
      server: [Microsoft-HTTPAPI/2.0, Microsoft-HTTPAPI/2.0]
      strict-transport-security: [max-age=31536000; includeSubDomains]
      x-content-type-options: [nosniff]
      x-ms-ratelimit-remaining-subscription-writes: ['1197']
    status: {code: 201, message: Created}
- request:
    body: null
    headers:
      Accept: [application/json]
      Accept-Encoding: ['gzip, deflate']
      CommandName: [network public-ip create]
      Connection: [keep-alive]
      ParameterSetName: [--name -g]
      User-Agent: [python/3.5.2 (Windows-10-10.0.17763-SP0) msrest/0.6.2 msrest_azure/0.4.34
          networkmanagementclient/2.4.0 Azure-SDK-For-Python AZURECLI/2.0.58]
    method: GET
    uri: https://management.azure.com/subscriptions/00000000-0000-0000-0000-000000000000/providers/Microsoft.Network/locations/westus/operations/6d0eb19b-c851-4259-a95d-0a1eb06efb7e?api-version=2017-10-01
  response:
    body: {string: "{\r\n  \"status\": \"Succeeded\"\r\n}"}
    headers:
      cache-control: [no-cache]
      content-length: ['29']
      content-type: [application/json; charset=utf-8]
      date: ['Tue, 26 Feb 2019 03:26:30 GMT']
      expires: ['-1']
      pragma: [no-cache]
      server: [Microsoft-HTTPAPI/2.0, Microsoft-HTTPAPI/2.0]
      strict-transport-security: [max-age=31536000; includeSubDomains]
      transfer-encoding: [chunked]
      vary: [Accept-Encoding]
      x-content-type-options: [nosniff]
    status: {code: 200, message: OK}
- request:
    body: null
    headers:
      Accept: [application/json]
      Accept-Encoding: ['gzip, deflate']
      CommandName: [network public-ip create]
      Connection: [keep-alive]
      ParameterSetName: [--name -g]
      User-Agent: [python/3.5.2 (Windows-10-10.0.17763-SP0) msrest/0.6.2 msrest_azure/0.4.34
          networkmanagementclient/2.4.0 Azure-SDK-For-Python AZURECLI/2.0.58]
    method: GET
    uri: https://management.azure.com/subscriptions/00000000-0000-0000-0000-000000000000/resourceGroups/cli_test_vm_create_existing000001/providers/Microsoft.Network/publicIPAddresses/vrfpubip?api-version=2017-10-01
  response:
    body: {string: "{\r\n  \"name\": \"vrfpubip\",\r\n  \"id\": \"/subscriptions/00000000-0000-0000-0000-000000000000/resourceGroups/cli_test_vm_create_existing000001/providers/Microsoft.Network/publicIPAddresses/vrfpubip\"\
        ,\r\n  \"etag\": \"W/\\\"554833f7-25ad-4f0c-a4d5-ecf1b2501677\\\"\",\r\n \
        \ \"location\": \"westus\",\r\n  \"properties\": {\r\n    \"provisioningState\"\
        : \"Succeeded\",\r\n    \"resourceGuid\": \"e49aa414-afc4-4f01-abfd-c20f82423572\"\
        ,\r\n    \"publicIPAddressVersion\": \"IPv4\",\r\n    \"publicIPAllocationMethod\"\
        : \"Dynamic\",\r\n    \"idleTimeoutInMinutes\": 4,\r\n    \"ipTags\": []\r\
        \n  },\r\n  \"type\": \"Microsoft.Network/publicIPAddresses\",\r\n  \"sku\"\
        : {\r\n    \"name\": \"Basic\",\r\n    \"tier\": \"Regional\"\r\n  }\r\n}"}
    headers:
      cache-control: [no-cache]
      content-length: ['690']
      content-type: [application/json; charset=utf-8]
      date: ['Tue, 26 Feb 2019 03:26:31 GMT']
      etag: [W/"554833f7-25ad-4f0c-a4d5-ecf1b2501677"]
      expires: ['-1']
      pragma: [no-cache]
      server: [Microsoft-HTTPAPI/2.0, Microsoft-HTTPAPI/2.0]
      strict-transport-security: [max-age=31536000; includeSubDomains]
      transfer-encoding: [chunked]
      vary: [Accept-Encoding]
      x-content-type-options: [nosniff]
    status: {code: 200, message: OK}
- request:
    body: null
    headers:
      Accept: [application/json]
      Accept-Encoding: ['gzip, deflate']
      CommandName: [network vnet create]
      Connection: [keep-alive]
      ParameterSetName: [--name -g --subnet-name]
      User-Agent: [python/3.5.2 (Windows-10-10.0.17763-SP0) msrest/0.6.2 msrest_azure/0.4.34
          resourcemanagementclient/2.1.0 Azure-SDK-For-Python AZURECLI/2.0.58]
      accept-language: [en-US]
    method: GET
    uri: https://management.azure.com/subscriptions/00000000-0000-0000-0000-000000000000/resourcegroups/cli_test_vm_create_existing000001?api-version=2018-05-01
  response:
    body: {string: '{"id":"/subscriptions/00000000-0000-0000-0000-000000000000/resourceGroups/cli_test_vm_create_existing000001","name":"cli_test_vm_create_existing000001","location":"westus","tags":{"date":"2019-02-26T03:25:33Z","product":"azurecli","cause":"automation"},"properties":{"provisioningState":"Succeeded"}}'}
    headers:
      cache-control: [no-cache]
      content-length: ['384']
      content-type: [application/json; charset=utf-8]
      date: ['Tue, 26 Feb 2019 03:26:30 GMT']
      expires: ['-1']
      pragma: [no-cache]
      strict-transport-security: [max-age=31536000; includeSubDomains]
      vary: [Accept-Encoding]
      x-content-type-options: [nosniff]
    status: {code: 200, message: OK}
- request:
    body: '{"tags": {}, "properties": {"subnets": [{"name": "vrfsubnet", "properties":
      {"addressPrefix": "10.0.0.0/24"}}], "addressSpace": {"addressPrefixes": ["10.0.0.0/16"]},
      "dhcpOptions": {}}, "location": "westus"}'
    headers:
      Accept: [application/json]
      Accept-Encoding: ['gzip, deflate']
      CommandName: [network vnet create]
      Connection: [keep-alive]
      Content-Length: ['207']
      Content-Type: [application/json; charset=utf-8]
      ParameterSetName: [--name -g --subnet-name]
      User-Agent: [python/3.5.2 (Windows-10-10.0.17763-SP0) msrest/0.6.2 msrest_azure/0.4.34
          networkmanagementclient/2.4.0 Azure-SDK-For-Python AZURECLI/2.0.58]
      accept-language: [en-US]
    method: PUT
    uri: https://management.azure.com/subscriptions/00000000-0000-0000-0000-000000000000/resourceGroups/cli_test_vm_create_existing000001/providers/Microsoft.Network/virtualNetworks/vrfvnet?api-version=2017-10-01
  response:
    body: {string: "{\r\n  \"name\": \"vrfvnet\",\r\n  \"id\": \"/subscriptions/00000000-0000-0000-0000-000000000000/resourceGroups/cli_test_vm_create_existing000001/providers/Microsoft.Network/virtualNetworks/vrfvnet\"\
        ,\r\n  \"etag\": \"W/\\\"58a7a71e-e30f-49e1-ad84-4eedbce28f99\\\"\",\r\n \
        \ \"type\": \"Microsoft.Network/virtualNetworks\",\r\n  \"location\": \"westus\"\
        ,\r\n  \"tags\": {},\r\n  \"properties\": {\r\n    \"provisioningState\":\
        \ \"Updating\",\r\n    \"resourceGuid\": \"b1089995-461b-45fd-bffa-f02d862b4944\"\
        ,\r\n    \"addressSpace\": {\r\n      \"addressPrefixes\": [\r\n        \"\
        10.0.0.0/16\"\r\n      ]\r\n    },\r\n    \"dhcpOptions\": {\r\n      \"dnsServers\"\
        : []\r\n    },\r\n    \"subnets\": [\r\n      {\r\n        \"name\": \"vrfsubnet\"\
        ,\r\n        \"id\": \"/subscriptions/00000000-0000-0000-0000-000000000000/resourceGroups/cli_test_vm_create_existing000001/providers/Microsoft.Network/virtualNetworks/vrfvnet/subnets/vrfsubnet\"\
        ,\r\n        \"etag\": \"W/\\\"58a7a71e-e30f-49e1-ad84-4eedbce28f99\\\"\"\
        ,\r\n        \"properties\": {\r\n          \"provisioningState\": \"Updating\"\
        ,\r\n          \"addressPrefix\": \"10.0.0.0/24\"\r\n        },\r\n      \
        \  \"type\": \"Microsoft.Network/virtualNetworks/subnets\"\r\n      }\r\n\
        \    ],\r\n    \"virtualNetworkPeerings\": [],\r\n    \"enableDdosProtection\"\
        : false,\r\n    \"enableVmProtection\": false\r\n  }\r\n}"}
    headers:
      azure-asyncoperation: ['https://management.azure.com/subscriptions/00000000-0000-0000-0000-000000000000/providers/Microsoft.Network/locations/westus/operations/86c54881-8a7a-4ff4-87cb-628c5476fa60?api-version=2017-10-01']
      cache-control: [no-cache]
      content-length: ['1302']
      content-type: [application/json; charset=utf-8]
      date: ['Tue, 26 Feb 2019 03:26:32 GMT']
      expires: ['-1']
      pragma: [no-cache]
      server: [Microsoft-HTTPAPI/2.0, Microsoft-HTTPAPI/2.0]
      strict-transport-security: [max-age=31536000; includeSubDomains]
      x-content-type-options: [nosniff]
      x-ms-ratelimit-remaining-subscription-writes: ['1199']
    status: {code: 201, message: Created}
- request:
    body: null
    headers:
      Accept: [application/json]
      Accept-Encoding: ['gzip, deflate']
      CommandName: [network vnet create]
      Connection: [keep-alive]
      ParameterSetName: [--name -g --subnet-name]
      User-Agent: [python/3.5.2 (Windows-10-10.0.17763-SP0) msrest/0.6.2 msrest_azure/0.4.34
          networkmanagementclient/2.4.0 Azure-SDK-For-Python AZURECLI/2.0.58]
    method: GET
    uri: https://management.azure.com/subscriptions/00000000-0000-0000-0000-000000000000/providers/Microsoft.Network/locations/westus/operations/86c54881-8a7a-4ff4-87cb-628c5476fa60?api-version=2017-10-01
  response:
    body: {string: "{\r\n  \"status\": \"Succeeded\"\r\n}"}
    headers:
      cache-control: [no-cache]
      content-length: ['29']
      content-type: [application/json; charset=utf-8]
      date: ['Tue, 26 Feb 2019 03:26:36 GMT']
      expires: ['-1']
      pragma: [no-cache]
      server: [Microsoft-HTTPAPI/2.0, Microsoft-HTTPAPI/2.0]
      strict-transport-security: [max-age=31536000; includeSubDomains]
      transfer-encoding: [chunked]
      vary: [Accept-Encoding]
      x-content-type-options: [nosniff]
    status: {code: 200, message: OK}
- request:
    body: null
    headers:
      Accept: [application/json]
      Accept-Encoding: ['gzip, deflate']
      CommandName: [network vnet create]
      Connection: [keep-alive]
      ParameterSetName: [--name -g --subnet-name]
      User-Agent: [python/3.5.2 (Windows-10-10.0.17763-SP0) msrest/0.6.2 msrest_azure/0.4.34
          networkmanagementclient/2.4.0 Azure-SDK-For-Python AZURECLI/2.0.58]
    method: GET
    uri: https://management.azure.com/subscriptions/00000000-0000-0000-0000-000000000000/resourceGroups/cli_test_vm_create_existing000001/providers/Microsoft.Network/virtualNetworks/vrfvnet?api-version=2017-10-01
  response:
    body: {string: "{\r\n  \"name\": \"vrfvnet\",\r\n  \"id\": \"/subscriptions/00000000-0000-0000-0000-000000000000/resourceGroups/cli_test_vm_create_existing000001/providers/Microsoft.Network/virtualNetworks/vrfvnet\"\
        ,\r\n  \"etag\": \"W/\\\"469e530a-7539-4b89-9749-f01fdb77a201\\\"\",\r\n \
        \ \"type\": \"Microsoft.Network/virtualNetworks\",\r\n  \"location\": \"westus\"\
        ,\r\n  \"tags\": {},\r\n  \"properties\": {\r\n    \"provisioningState\":\
        \ \"Succeeded\",\r\n    \"resourceGuid\": \"b1089995-461b-45fd-bffa-f02d862b4944\"\
        ,\r\n    \"addressSpace\": {\r\n      \"addressPrefixes\": [\r\n        \"\
        10.0.0.0/16\"\r\n      ]\r\n    },\r\n    \"dhcpOptions\": {\r\n      \"dnsServers\"\
        : []\r\n    },\r\n    \"subnets\": [\r\n      {\r\n        \"name\": \"vrfsubnet\"\
        ,\r\n        \"id\": \"/subscriptions/00000000-0000-0000-0000-000000000000/resourceGroups/cli_test_vm_create_existing000001/providers/Microsoft.Network/virtualNetworks/vrfvnet/subnets/vrfsubnet\"\
        ,\r\n        \"etag\": \"W/\\\"469e530a-7539-4b89-9749-f01fdb77a201\\\"\"\
        ,\r\n        \"properties\": {\r\n          \"provisioningState\": \"Succeeded\"\
        ,\r\n          \"addressPrefix\": \"10.0.0.0/24\"\r\n        },\r\n      \
        \  \"type\": \"Microsoft.Network/virtualNetworks/subnets\"\r\n      }\r\n\
        \    ],\r\n    \"virtualNetworkPeerings\": [],\r\n    \"enableDdosProtection\"\
        : false,\r\n    \"enableVmProtection\": false\r\n  }\r\n}"}
    headers:
      cache-control: [no-cache]
      content-length: ['1304']
      content-type: [application/json; charset=utf-8]
      date: ['Tue, 26 Feb 2019 03:26:36 GMT']
      etag: [W/"469e530a-7539-4b89-9749-f01fdb77a201"]
      expires: ['-1']
      pragma: [no-cache]
      server: [Microsoft-HTTPAPI/2.0, Microsoft-HTTPAPI/2.0]
      strict-transport-security: [max-age=31536000; includeSubDomains]
      transfer-encoding: [chunked]
      vary: [Accept-Encoding]
      x-content-type-options: [nosniff]
    status: {code: 200, message: OK}
- request:
    body: null
    headers:
      Accept: [application/json]
      Accept-Encoding: ['gzip, deflate']
      CommandName: [network nsg create]
      Connection: [keep-alive]
      ParameterSetName: [--name -g]
      User-Agent: [python/3.5.2 (Windows-10-10.0.17763-SP0) msrest/0.6.2 msrest_azure/0.4.34
          resourcemanagementclient/2.1.0 Azure-SDK-For-Python AZURECLI/2.0.58]
      accept-language: [en-US]
    method: GET
    uri: https://management.azure.com/subscriptions/00000000-0000-0000-0000-000000000000/resourcegroups/cli_test_vm_create_existing000001?api-version=2018-05-01
  response:
    body: {string: '{"id":"/subscriptions/00000000-0000-0000-0000-000000000000/resourceGroups/cli_test_vm_create_existing000001","name":"cli_test_vm_create_existing000001","location":"westus","tags":{"date":"2019-02-26T03:25:33Z","product":"azurecli","cause":"automation"},"properties":{"provisioningState":"Succeeded"}}'}
    headers:
      cache-control: [no-cache]
      content-length: ['384']
      content-type: [application/json; charset=utf-8]
      date: ['Tue, 26 Feb 2019 03:26:37 GMT']
      expires: ['-1']
      pragma: [no-cache]
      strict-transport-security: [max-age=31536000; includeSubDomains]
      vary: [Accept-Encoding]
      x-content-type-options: [nosniff]
    status: {code: 200, message: OK}
- request:
    body: '{"location": "westus"}'
    headers:
      Accept: [application/json]
      Accept-Encoding: ['gzip, deflate']
      CommandName: [network nsg create]
      Connection: [keep-alive]
      Content-Length: ['22']
      Content-Type: [application/json; charset=utf-8]
      ParameterSetName: [--name -g]
      User-Agent: [python/3.5.2 (Windows-10-10.0.17763-SP0) msrest/0.6.2 msrest_azure/0.4.34
          networkmanagementclient/2.4.0 Azure-SDK-For-Python AZURECLI/2.0.58]
      accept-language: [en-US]
    method: PUT
    uri: https://management.azure.com/subscriptions/00000000-0000-0000-0000-000000000000/resourceGroups/cli_test_vm_create_existing000001/providers/Microsoft.Network/networkSecurityGroups/vrfnsg?api-version=2017-10-01
  response:
    body: {string: "{\r\n  \"name\": \"vrfnsg\",\r\n  \"id\": \"/subscriptions/00000000-0000-0000-0000-000000000000/resourceGroups/cli_test_vm_create_existing000001/providers/Microsoft.Network/networkSecurityGroups/vrfnsg\"\
        ,\r\n  \"etag\": \"W/\\\"4865fd1d-64d3-4d71-a0ab-307daaaee036\\\"\",\r\n \
        \ \"type\": \"Microsoft.Network/networkSecurityGroups\",\r\n  \"location\"\
        : \"westus\",\r\n  \"properties\": {\r\n    \"provisioningState\": \"Updating\"\
        ,\r\n    \"resourceGuid\": \"a6366ed6-9ed6-4a5a-a7de-541eacffae62\",\r\n \
        \   \"securityRules\": [],\r\n    \"defaultSecurityRules\": [\r\n      {\r\
        \n        \"name\": \"AllowVnetInBound\",\r\n        \"id\": \"/subscriptions/00000000-0000-0000-0000-000000000000/resourceGroups/cli_test_vm_create_existing000001/providers/Microsoft.Network/networkSecurityGroups/vrfnsg/defaultSecurityRules/AllowVnetInBound\"\
        ,\r\n        \"etag\": \"W/\\\"4865fd1d-64d3-4d71-a0ab-307daaaee036\\\"\"\
        ,\r\n        \"type\": \"Microsoft.Network/networkSecurityGroups/defaultSecurityRules\"\
        ,\r\n        \"properties\": {\r\n          \"provisioningState\": \"Updating\"\
        ,\r\n          \"description\": \"Allow inbound traffic from all VMs in VNET\"\
        ,\r\n          \"protocol\": \"*\",\r\n          \"sourcePortRange\": \"*\"\
        ,\r\n          \"destinationPortRange\": \"*\",\r\n          \"sourceAddressPrefix\"\
        : \"VirtualNetwork\",\r\n          \"destinationAddressPrefix\": \"VirtualNetwork\"\
        ,\r\n          \"access\": \"Allow\",\r\n          \"priority\": 65000,\r\n\
        \          \"direction\": \"Inbound\",\r\n          \"sourcePortRanges\":\
        \ [],\r\n          \"destinationPortRanges\": [],\r\n          \"sourceAddressPrefixes\"\
        : [],\r\n          \"destinationAddressPrefixes\": []\r\n        }\r\n   \
        \   },\r\n      {\r\n        \"name\": \"AllowAzureLoadBalancerInBound\",\r\
        \n        \"id\": \"/subscriptions/00000000-0000-0000-0000-000000000000/resourceGroups/cli_test_vm_create_existing000001/providers/Microsoft.Network/networkSecurityGroups/vrfnsg/defaultSecurityRules/AllowAzureLoadBalancerInBound\"\
        ,\r\n        \"etag\": \"W/\\\"4865fd1d-64d3-4d71-a0ab-307daaaee036\\\"\"\
        ,\r\n        \"type\": \"Microsoft.Network/networkSecurityGroups/defaultSecurityRules\"\
        ,\r\n        \"properties\": {\r\n          \"provisioningState\": \"Updating\"\
        ,\r\n          \"description\": \"Allow inbound traffic from azure load balancer\"\
        ,\r\n          \"protocol\": \"*\",\r\n          \"sourcePortRange\": \"*\"\
        ,\r\n          \"destinationPortRange\": \"*\",\r\n          \"sourceAddressPrefix\"\
        : \"AzureLoadBalancer\",\r\n          \"destinationAddressPrefix\": \"*\"\
        ,\r\n          \"access\": \"Allow\",\r\n          \"priority\": 65001,\r\n\
        \          \"direction\": \"Inbound\",\r\n          \"sourcePortRanges\":\
        \ [],\r\n          \"destinationPortRanges\": [],\r\n          \"sourceAddressPrefixes\"\
        : [],\r\n          \"destinationAddressPrefixes\": []\r\n        }\r\n   \
        \   },\r\n      {\r\n        \"name\": \"DenyAllInBound\",\r\n        \"id\"\
        : \"/subscriptions/00000000-0000-0000-0000-000000000000/resourceGroups/cli_test_vm_create_existing000001/providers/Microsoft.Network/networkSecurityGroups/vrfnsg/defaultSecurityRules/DenyAllInBound\"\
        ,\r\n        \"etag\": \"W/\\\"4865fd1d-64d3-4d71-a0ab-307daaaee036\\\"\"\
        ,\r\n        \"type\": \"Microsoft.Network/networkSecurityGroups/defaultSecurityRules\"\
        ,\r\n        \"properties\": {\r\n          \"provisioningState\": \"Updating\"\
        ,\r\n          \"description\": \"Deny all inbound traffic\",\r\n        \
        \  \"protocol\": \"*\",\r\n          \"sourcePortRange\": \"*\",\r\n     \
        \     \"destinationPortRange\": \"*\",\r\n          \"sourceAddressPrefix\"\
        : \"*\",\r\n          \"destinationAddressPrefix\": \"*\",\r\n          \"\
        access\": \"Deny\",\r\n          \"priority\": 65500,\r\n          \"direction\"\
        : \"Inbound\",\r\n          \"sourcePortRanges\": [],\r\n          \"destinationPortRanges\"\
        : [],\r\n          \"sourceAddressPrefixes\": [],\r\n          \"destinationAddressPrefixes\"\
        : []\r\n        }\r\n      },\r\n      {\r\n        \"name\": \"AllowVnetOutBound\"\
        ,\r\n        \"id\": \"/subscriptions/00000000-0000-0000-0000-000000000000/resourceGroups/cli_test_vm_create_existing000001/providers/Microsoft.Network/networkSecurityGroups/vrfnsg/defaultSecurityRules/AllowVnetOutBound\"\
        ,\r\n        \"etag\": \"W/\\\"4865fd1d-64d3-4d71-a0ab-307daaaee036\\\"\"\
        ,\r\n        \"type\": \"Microsoft.Network/networkSecurityGroups/defaultSecurityRules\"\
        ,\r\n        \"properties\": {\r\n          \"provisioningState\": \"Updating\"\
        ,\r\n          \"description\": \"Allow outbound traffic from all VMs to all\
        \ VMs in VNET\",\r\n          \"protocol\": \"*\",\r\n          \"sourcePortRange\"\
        : \"*\",\r\n          \"destinationPortRange\": \"*\",\r\n          \"sourceAddressPrefix\"\
        : \"VirtualNetwork\",\r\n          \"destinationAddressPrefix\": \"VirtualNetwork\"\
        ,\r\n          \"access\": \"Allow\",\r\n          \"priority\": 65000,\r\n\
        \          \"direction\": \"Outbound\",\r\n          \"sourcePortRanges\"\
        : [],\r\n          \"destinationPortRanges\": [],\r\n          \"sourceAddressPrefixes\"\
        : [],\r\n          \"destinationAddressPrefixes\": []\r\n        }\r\n   \
        \   },\r\n      {\r\n        \"name\": \"AllowInternetOutBound\",\r\n    \
        \    \"id\": \"/subscriptions/00000000-0000-0000-0000-000000000000/resourceGroups/cli_test_vm_create_existing000001/providers/Microsoft.Network/networkSecurityGroups/vrfnsg/defaultSecurityRules/AllowInternetOutBound\"\
        ,\r\n        \"etag\": \"W/\\\"4865fd1d-64d3-4d71-a0ab-307daaaee036\\\"\"\
        ,\r\n        \"type\": \"Microsoft.Network/networkSecurityGroups/defaultSecurityRules\"\
        ,\r\n        \"properties\": {\r\n          \"provisioningState\": \"Updating\"\
        ,\r\n          \"description\": \"Allow outbound traffic from all VMs to Internet\"\
        ,\r\n          \"protocol\": \"*\",\r\n          \"sourcePortRange\": \"*\"\
        ,\r\n          \"destinationPortRange\": \"*\",\r\n          \"sourceAddressPrefix\"\
        : \"*\",\r\n          \"destinationAddressPrefix\": \"Internet\",\r\n    \
        \      \"access\": \"Allow\",\r\n          \"priority\": 65001,\r\n      \
        \    \"direction\": \"Outbound\",\r\n          \"sourcePortRanges\": [],\r\
        \n          \"destinationPortRanges\": [],\r\n          \"sourceAddressPrefixes\"\
        : [],\r\n          \"destinationAddressPrefixes\": []\r\n        }\r\n   \
        \   },\r\n      {\r\n        \"name\": \"DenyAllOutBound\",\r\n        \"\
        id\": \"/subscriptions/00000000-0000-0000-0000-000000000000/resourceGroups/cli_test_vm_create_existing000001/providers/Microsoft.Network/networkSecurityGroups/vrfnsg/defaultSecurityRules/DenyAllOutBound\"\
        ,\r\n        \"etag\": \"W/\\\"4865fd1d-64d3-4d71-a0ab-307daaaee036\\\"\"\
        ,\r\n        \"type\": \"Microsoft.Network/networkSecurityGroups/defaultSecurityRules\"\
        ,\r\n        \"properties\": {\r\n          \"provisioningState\": \"Updating\"\
        ,\r\n          \"description\": \"Deny all outbound traffic\",\r\n       \
        \   \"protocol\": \"*\",\r\n          \"sourcePortRange\": \"*\",\r\n    \
        \      \"destinationPortRange\": \"*\",\r\n          \"sourceAddressPrefix\"\
        : \"*\",\r\n          \"destinationAddressPrefix\": \"*\",\r\n          \"\
        access\": \"Deny\",\r\n          \"priority\": 65500,\r\n          \"direction\"\
        : \"Outbound\",\r\n          \"sourcePortRanges\": [],\r\n          \"destinationPortRanges\"\
        : [],\r\n          \"sourceAddressPrefixes\": [],\r\n          \"destinationAddressPrefixes\"\
        : []\r\n        }\r\n      }\r\n    ]\r\n  }\r\n}"}
    headers:
      azure-asyncoperation: ['https://management.azure.com/subscriptions/00000000-0000-0000-0000-000000000000/providers/Microsoft.Network/locations/westus/operations/9be26434-0fa4-42ea-8b09-517ba5b8700f?api-version=2017-10-01']
      cache-control: [no-cache]
      content-length: ['6941']
      content-type: [application/json; charset=utf-8]
      date: ['Tue, 26 Feb 2019 03:26:38 GMT']
      expires: ['-1']
      pragma: [no-cache]
      server: [Microsoft-HTTPAPI/2.0, Microsoft-HTTPAPI/2.0]
      strict-transport-security: [max-age=31536000; includeSubDomains]
      x-content-type-options: [nosniff]
      x-ms-ratelimit-remaining-subscription-writes: ['1199']
    status: {code: 201, message: Created}
- request:
    body: null
    headers:
      Accept: [application/json]
      Accept-Encoding: ['gzip, deflate']
      CommandName: [network nsg create]
      Connection: [keep-alive]
      ParameterSetName: [--name -g]
      User-Agent: [python/3.5.2 (Windows-10-10.0.17763-SP0) msrest/0.6.2 msrest_azure/0.4.34
          networkmanagementclient/2.4.0 Azure-SDK-For-Python AZURECLI/2.0.58]
    method: GET
    uri: https://management.azure.com/subscriptions/00000000-0000-0000-0000-000000000000/providers/Microsoft.Network/locations/westus/operations/9be26434-0fa4-42ea-8b09-517ba5b8700f?api-version=2017-10-01
  response:
    body: {string: "{\r\n  \"status\": \"Succeeded\"\r\n}"}
    headers:
      cache-control: [no-cache]
      content-length: ['29']
      content-type: [application/json; charset=utf-8]
      date: ['Tue, 26 Feb 2019 03:26:41 GMT']
      expires: ['-1']
      pragma: [no-cache]
      server: [Microsoft-HTTPAPI/2.0, Microsoft-HTTPAPI/2.0]
      strict-transport-security: [max-age=31536000; includeSubDomains]
      transfer-encoding: [chunked]
      vary: [Accept-Encoding]
      x-content-type-options: [nosniff]
    status: {code: 200, message: OK}
- request:
    body: null
    headers:
      Accept: [application/json]
      Accept-Encoding: ['gzip, deflate']
      CommandName: [network nsg create]
      Connection: [keep-alive]
      ParameterSetName: [--name -g]
      User-Agent: [python/3.5.2 (Windows-10-10.0.17763-SP0) msrest/0.6.2 msrest_azure/0.4.34
          networkmanagementclient/2.4.0 Azure-SDK-For-Python AZURECLI/2.0.58]
    method: GET
    uri: https://management.azure.com/subscriptions/00000000-0000-0000-0000-000000000000/resourceGroups/cli_test_vm_create_existing000001/providers/Microsoft.Network/networkSecurityGroups/vrfnsg?api-version=2017-10-01
  response:
    body: {string: "{\r\n  \"name\": \"vrfnsg\",\r\n  \"id\": \"/subscriptions/00000000-0000-0000-0000-000000000000/resourceGroups/cli_test_vm_create_existing000001/providers/Microsoft.Network/networkSecurityGroups/vrfnsg\"\
        ,\r\n  \"etag\": \"W/\\\"e3e6b6f1-90ea-4982-85ea-f6ae69821310\\\"\",\r\n \
        \ \"type\": \"Microsoft.Network/networkSecurityGroups\",\r\n  \"location\"\
        : \"westus\",\r\n  \"properties\": {\r\n    \"provisioningState\": \"Succeeded\"\
        ,\r\n    \"resourceGuid\": \"a6366ed6-9ed6-4a5a-a7de-541eacffae62\",\r\n \
        \   \"securityRules\": [],\r\n    \"defaultSecurityRules\": [\r\n      {\r\
        \n        \"name\": \"AllowVnetInBound\",\r\n        \"id\": \"/subscriptions/00000000-0000-0000-0000-000000000000/resourceGroups/cli_test_vm_create_existing000001/providers/Microsoft.Network/networkSecurityGroups/vrfnsg/defaultSecurityRules/AllowVnetInBound\"\
        ,\r\n        \"etag\": \"W/\\\"e3e6b6f1-90ea-4982-85ea-f6ae69821310\\\"\"\
        ,\r\n        \"type\": \"Microsoft.Network/networkSecurityGroups/defaultSecurityRules\"\
        ,\r\n        \"properties\": {\r\n          \"provisioningState\": \"Succeeded\"\
        ,\r\n          \"description\": \"Allow inbound traffic from all VMs in VNET\"\
        ,\r\n          \"protocol\": \"*\",\r\n          \"sourcePortRange\": \"*\"\
        ,\r\n          \"destinationPortRange\": \"*\",\r\n          \"sourceAddressPrefix\"\
        : \"VirtualNetwork\",\r\n          \"destinationAddressPrefix\": \"VirtualNetwork\"\
        ,\r\n          \"access\": \"Allow\",\r\n          \"priority\": 65000,\r\n\
        \          \"direction\": \"Inbound\",\r\n          \"sourcePortRanges\":\
        \ [],\r\n          \"destinationPortRanges\": [],\r\n          \"sourceAddressPrefixes\"\
        : [],\r\n          \"destinationAddressPrefixes\": []\r\n        }\r\n   \
        \   },\r\n      {\r\n        \"name\": \"AllowAzureLoadBalancerInBound\",\r\
        \n        \"id\": \"/subscriptions/00000000-0000-0000-0000-000000000000/resourceGroups/cli_test_vm_create_existing000001/providers/Microsoft.Network/networkSecurityGroups/vrfnsg/defaultSecurityRules/AllowAzureLoadBalancerInBound\"\
        ,\r\n        \"etag\": \"W/\\\"e3e6b6f1-90ea-4982-85ea-f6ae69821310\\\"\"\
        ,\r\n        \"type\": \"Microsoft.Network/networkSecurityGroups/defaultSecurityRules\"\
        ,\r\n        \"properties\": {\r\n          \"provisioningState\": \"Succeeded\"\
        ,\r\n          \"description\": \"Allow inbound traffic from azure load balancer\"\
        ,\r\n          \"protocol\": \"*\",\r\n          \"sourcePortRange\": \"*\"\
        ,\r\n          \"destinationPortRange\": \"*\",\r\n          \"sourceAddressPrefix\"\
        : \"AzureLoadBalancer\",\r\n          \"destinationAddressPrefix\": \"*\"\
        ,\r\n          \"access\": \"Allow\",\r\n          \"priority\": 65001,\r\n\
        \          \"direction\": \"Inbound\",\r\n          \"sourcePortRanges\":\
        \ [],\r\n          \"destinationPortRanges\": [],\r\n          \"sourceAddressPrefixes\"\
        : [],\r\n          \"destinationAddressPrefixes\": []\r\n        }\r\n   \
        \   },\r\n      {\r\n        \"name\": \"DenyAllInBound\",\r\n        \"id\"\
        : \"/subscriptions/00000000-0000-0000-0000-000000000000/resourceGroups/cli_test_vm_create_existing000001/providers/Microsoft.Network/networkSecurityGroups/vrfnsg/defaultSecurityRules/DenyAllInBound\"\
        ,\r\n        \"etag\": \"W/\\\"e3e6b6f1-90ea-4982-85ea-f6ae69821310\\\"\"\
        ,\r\n        \"type\": \"Microsoft.Network/networkSecurityGroups/defaultSecurityRules\"\
        ,\r\n        \"properties\": {\r\n          \"provisioningState\": \"Succeeded\"\
        ,\r\n          \"description\": \"Deny all inbound traffic\",\r\n        \
        \  \"protocol\": \"*\",\r\n          \"sourcePortRange\": \"*\",\r\n     \
        \     \"destinationPortRange\": \"*\",\r\n          \"sourceAddressPrefix\"\
        : \"*\",\r\n          \"destinationAddressPrefix\": \"*\",\r\n          \"\
        access\": \"Deny\",\r\n          \"priority\": 65500,\r\n          \"direction\"\
        : \"Inbound\",\r\n          \"sourcePortRanges\": [],\r\n          \"destinationPortRanges\"\
        : [],\r\n          \"sourceAddressPrefixes\": [],\r\n          \"destinationAddressPrefixes\"\
        : []\r\n        }\r\n      },\r\n      {\r\n        \"name\": \"AllowVnetOutBound\"\
        ,\r\n        \"id\": \"/subscriptions/00000000-0000-0000-0000-000000000000/resourceGroups/cli_test_vm_create_existing000001/providers/Microsoft.Network/networkSecurityGroups/vrfnsg/defaultSecurityRules/AllowVnetOutBound\"\
        ,\r\n        \"etag\": \"W/\\\"e3e6b6f1-90ea-4982-85ea-f6ae69821310\\\"\"\
        ,\r\n        \"type\": \"Microsoft.Network/networkSecurityGroups/defaultSecurityRules\"\
        ,\r\n        \"properties\": {\r\n          \"provisioningState\": \"Succeeded\"\
        ,\r\n          \"description\": \"Allow outbound traffic from all VMs to all\
        \ VMs in VNET\",\r\n          \"protocol\": \"*\",\r\n          \"sourcePortRange\"\
        : \"*\",\r\n          \"destinationPortRange\": \"*\",\r\n          \"sourceAddressPrefix\"\
        : \"VirtualNetwork\",\r\n          \"destinationAddressPrefix\": \"VirtualNetwork\"\
        ,\r\n          \"access\": \"Allow\",\r\n          \"priority\": 65000,\r\n\
        \          \"direction\": \"Outbound\",\r\n          \"sourcePortRanges\"\
        : [],\r\n          \"destinationPortRanges\": [],\r\n          \"sourceAddressPrefixes\"\
        : [],\r\n          \"destinationAddressPrefixes\": []\r\n        }\r\n   \
        \   },\r\n      {\r\n        \"name\": \"AllowInternetOutBound\",\r\n    \
        \    \"id\": \"/subscriptions/00000000-0000-0000-0000-000000000000/resourceGroups/cli_test_vm_create_existing000001/providers/Microsoft.Network/networkSecurityGroups/vrfnsg/defaultSecurityRules/AllowInternetOutBound\"\
        ,\r\n        \"etag\": \"W/\\\"e3e6b6f1-90ea-4982-85ea-f6ae69821310\\\"\"\
        ,\r\n        \"type\": \"Microsoft.Network/networkSecurityGroups/defaultSecurityRules\"\
        ,\r\n        \"properties\": {\r\n          \"provisioningState\": \"Succeeded\"\
        ,\r\n          \"description\": \"Allow outbound traffic from all VMs to Internet\"\
        ,\r\n          \"protocol\": \"*\",\r\n          \"sourcePortRange\": \"*\"\
        ,\r\n          \"destinationPortRange\": \"*\",\r\n          \"sourceAddressPrefix\"\
        : \"*\",\r\n          \"destinationAddressPrefix\": \"Internet\",\r\n    \
        \      \"access\": \"Allow\",\r\n          \"priority\": 65001,\r\n      \
        \    \"direction\": \"Outbound\",\r\n          \"sourcePortRanges\": [],\r\
        \n          \"destinationPortRanges\": [],\r\n          \"sourceAddressPrefixes\"\
        : [],\r\n          \"destinationAddressPrefixes\": []\r\n        }\r\n   \
        \   },\r\n      {\r\n        \"name\": \"DenyAllOutBound\",\r\n        \"\
        id\": \"/subscriptions/00000000-0000-0000-0000-000000000000/resourceGroups/cli_test_vm_create_existing000001/providers/Microsoft.Network/networkSecurityGroups/vrfnsg/defaultSecurityRules/DenyAllOutBound\"\
        ,\r\n        \"etag\": \"W/\\\"e3e6b6f1-90ea-4982-85ea-f6ae69821310\\\"\"\
        ,\r\n        \"type\": \"Microsoft.Network/networkSecurityGroups/defaultSecurityRules\"\
        ,\r\n        \"properties\": {\r\n          \"provisioningState\": \"Succeeded\"\
        ,\r\n          \"description\": \"Deny all outbound traffic\",\r\n       \
        \   \"protocol\": \"*\",\r\n          \"sourcePortRange\": \"*\",\r\n    \
        \      \"destinationPortRange\": \"*\",\r\n          \"sourceAddressPrefix\"\
        : \"*\",\r\n          \"destinationAddressPrefix\": \"*\",\r\n          \"\
        access\": \"Deny\",\r\n          \"priority\": 65500,\r\n          \"direction\"\
        : \"Outbound\",\r\n          \"sourcePortRanges\": [],\r\n          \"destinationPortRanges\"\
        : [],\r\n          \"sourceAddressPrefixes\": [],\r\n          \"destinationAddressPrefixes\"\
        : []\r\n        }\r\n      }\r\n    ]\r\n  }\r\n}"}
    headers:
      cache-control: [no-cache]
      content-length: ['6948']
      content-type: [application/json; charset=utf-8]
      date: ['Tue, 26 Feb 2019 03:26:41 GMT']
      etag: [W/"e3e6b6f1-90ea-4982-85ea-f6ae69821310"]
      expires: ['-1']
      pragma: [no-cache]
      server: [Microsoft-HTTPAPI/2.0, Microsoft-HTTPAPI/2.0]
      strict-transport-security: [max-age=31536000; includeSubDomains]
      transfer-encoding: [chunked]
      vary: [Accept-Encoding]
      x-content-type-options: [nosniff]
    status: {code: 200, message: OK}
- request:
    body: null
    headers:
      Accept: [application/json]
      Accept-Encoding: ['gzip, deflate']
      CommandName: [group delete]
      Connection: [keep-alive]
      Content-Length: ['0']
      ParameterSetName: [--name --yes --no-wait]
      User-Agent: [python/3.5.2 (Windows-10-10.0.17763-SP0) msrest/0.6.2 msrest_azure/0.4.34
          resourcemanagementclient/2.1.0 Azure-SDK-For-Python AZURECLI/2.0.58]
      accept-language: [en-US]
    method: DELETE
    uri: https://management.azure.com/subscriptions/00000000-0000-0000-0000-000000000000/resourcegroups/cli_test_vm_create_existing000001?api-version=2018-05-01
  response:
    body: {string: ''}
    headers:
      cache-control: [no-cache]
      content-length: ['0']
      date: ['Tue, 26 Feb 2019 03:26:42 GMT']
      expires: ['-1']
      location: ['https://management.azure.com/subscriptions/00000000-0000-0000-0000-000000000000/operationresults/eyJqb2JJZCI6IlJFU09VUkNFR1JPVVBERUxFVElPTkpPQi1DTEk6NUZURVNUOjVGVk06NUZDUkVBVEU6NUZFWElTVElOR0JYVDJQNElDR0kyTXw3OUY3QkU0NUZGQTUzNDA4LVdFU1RVUyIsImpvYkxvY2F0aW9uIjoid2VzdHVzIn0?api-version=2018-05-01']
      pragma: [no-cache]
      strict-transport-security: [max-age=31536000; includeSubDomains]
      x-content-type-options: [nosniff]
      x-ms-ratelimit-remaining-subscription-deletes: ['14999']
    status: {code: 202, message: Accepted}
version: 1
